PS C:\Users\aleyk\OneDrive\Desktop\PSC-DESTRINATION\activity-sets\set02> gdb problem06.exe                                          
GNU gdb (GDB) 7.6.1
Copyright (C) 2013 Free Software Foundation, Inc.
License GPLv3+: GNU GPL version 3 or later <http://gnu.org/licenses/gpl.html>
This is free software: you are free to change and redistribute it.
There is NO WARRANTY, to the extent permitted by law.  Type "show copying"
and "show warranty" for details.
This GDB was configured as "mingw32".
For bug reporting instructions, please see:
<http://www.gnu.org/software/gdb/bugs/>...
Reading symbols from C:\Users\aleyk\OneDrive\Desktop\PSC-DESTRINATION\activity-sets\set02\problem06.exe...done.
(gdb) b main
Breakpoint 1 at 0x40151f: file problem06.c, line 22.
(gdb) r 
Starting program: C:\Users\aleyk\OneDrive\Desktop\PSC-DESTRINATION\activity-sets\set02/problem06.exe
[New Thread 5076.0x24fc]
[New Thread 5076.0x3a88]

Breakpoint 1, main () at problem06.c:22
22          input_string(str);
(gdb) n
Enter a string: kunal
23          str_reverse(str, rev_str);
(gdb) n
24          output(str, rev_str);
(gdb) n
Original string: kunal
Reversed string: lanuk
26          return 0;
(gdb) n
27      }
(gdb) n
0x00401288 in __register_frame_info ()
(gdb) n
Single stepping until exit from function __register_frame_info,
which has no line number information.
0x0040128a in __register_frame_info ()
(gdb) fnish
Undefined command: "fnish".  Try "help".
(gdb) finish
Run till exit from #0  0x0040128a in __register_frame_info ()
[Inferior 1 (process 5076) exited normally]
(gdb) q