PS C:\Users\aleyk\OneDrive\Desktop\PSC-DESTRINATION\activity-sets\set02> gdb problem01.exe                                                 
GNU gdb (GDB) 7.6.1
Copyright (C) 2013 Free Software Foundation, Inc.
License GPLv3+: GNU GPL version 3 or later <http://gnu.org/licenses/gpl.html>
This is free software: you are free to change and redistribute it.
There is NO WARRANTY, to the extent permitted by law.  Type "show copying"
and "show warranty" for details.
This GDB was configured as "mingw32".
For bug reporting instructions, please see:
<http://www.gnu.org/software/gdb/bugs/>...
Reading symbols from C:\Users\aleyk\OneDrive\Desktop\PSC-DESTRINATION\activity-sets\set02\problem01.exe...done.
(gdb) b main
Breakpoint 1 at 0x40146e: file problem01.c, line 8.
(gdb) r
Starting program: C:\Users\aleyk\OneDrive\Desktop\PSC-DESTRINATION\activity-sets\set02/problem01.exe
[New Thread 8808.0x2c08]
[New Thread 8808.0x1b6c]

Breakpoint 1, main () at problem01.c:8
8           input(&base, &height);
(gdb) n
Enter the base and height of the triangle: 34
56
9           find_area(base, height, &area);
(gdb) n
10          output(base, height, area);
(gdb) n
The area of the triangle with base 34.000000 and height 56.000000 is 952.000000
12          return 0;
(gdb) n
13      }
(gdb) n
0x00401288 in __register_frame_info ()
(gdb) n
Single stepping until exit from function __register_frame_info,
which has no line number information.
0x0040128a in __register_frame_info ()
(gdb) n
Single stepping until exit from function __register_frame_info,
which has no line number information.
0x0040128f in __register_frame_info ()
(gdb) finsih
Undefined command: "finsih".  Try "help".
(gdb) finish
Run till exit from #0  0x0040128f in __register_frame_info ()
[Inferior 1 (process 8808) exited normally]
(gdb) q