PS C:\Users\aleyk\OneDrive\Desktop\PSC-DESTRINATION\activity-sets\set02> gdb problem02.exe                                          
GNU gdb (GDB) 7.6.1
Copyright (C) 2013 Free Software Foundation, Inc.
License GPLv3+: GNU GPL version 3 or later <http://gnu.org/licenses/gpl.html>
This is free software: you are free to change and redistribute it.
There is NO WARRANTY, to the extent permitted by law.  Type "show copying"
and "show warranty" for details.
This GDB was configured as "mingw32".
For bug reporting instructions, please see:
<http://www.gnu.org/software/gdb/bugs/>...
Reading symbols from C:\Users\aleyk\OneDrive\Desktop\PSC-DESTRINATION\activity-sets\set02\problem02.exe...done.
(gdb) b main
Breakpoint 1 at 0x40146e: file problem02.c, line 10.
(gdb) r
Starting program: C:\Users\aleyk\OneDrive\Desktop\PSC-DESTRINATION\activity-sets\set02/problem02.exe
[New Thread 17528.0x4434]
[New Thread 17528.0x44f8]

Breakpoint 1, main () at problem02.c:10
10          printf("Enter the lengths of the three sides of the triangle:\n");
(gdb) n
Enter the lengths of the three sides of the triangle:
11          side1 = input_side();
(gdb) n
Enter the length of a side: 3
12          side2 = input_side();
(gdb) n
Enter the length of a side: 4
13          side3 = input_side();
(gdb) n 
Enter the length of a side: 5
15          int isscalene = check_scalene(side1, side2, side3);
(gdb) n
17          output(side1, side2, side3, isscalene);
(gdb) n
The triangle with sides 3, 4 and 5 is scalene.
19          return 0;
(gdb) n
20      }
(gdb) n
0x00401288 in __register_frame_info ()
(gdb) finsih
Undefined command: "finsih".  Try "help".
(gdb) finish
Run till exit from #0  0x00401288 in __register_frame_info ()
[Inferior 1 (process 17528) exited normally]
(gdb) q