PS C:\Users\aleyk\OneDrive\Desktop\PSC-DESTRINATION\activity-sets\set01> gdb problem12.exe
GNU gdb (GDB) 7.6.1
Copyright (C) 2013 Free Software Foundation, Inc.
License GPLv3+: GNU GPL version 3 or later <http://gnu.org/licenses/gpl.html>
This is free software: you are free to change and redistribute it.
There is NO WARRANTY, to the extent permitted by law.  Type "show copying"
and "show warranty" for details.
This GDB was configured as "mingw32".
For bug reporting instructions, please see:
<http://www.gnu.org/software/gdb/bugs/>...
Reading symbols from C:\Users\aleyk\OneDrive\Desktop\PSC-DESTRINATION\activity-sets\set01\problem12.exe...done.
(gdb) b main
Breakpoint 1 at 0x401477: file problem12.c, line 21.
(gdb) r
Starting program: C:\Users\aleyk\OneDrive\Desktop\PSC-DESTRINATION\activity-sets\set01/problem12.exe
[New Thread 14716.0x101c]
[New Thread 14716.0x272c]

Breakpoint 1, 0x00401477 in main () at problem12.c:21
21      {
(gdb) n
22          int n = get_n();
(gdb) n
Enter the number of values: 2
23          Complex complex_no[n];
(gdb) n
24          input_n_complex(n, complex_no);
(gdb) n
Complex number 1:
Enter the real part: 2
Enter the imaginary part: 4
Complex number 2:
Enter the real part: 5
Enter the imaginary part: 6
25          Complex sum = add_n_complex(n, complex_no);
(gdb) n
26          output(n, complex_no, sum);
(gdb) n
Sum of 2 complex numbers:
(2.00 + 4.00i) + (5.00 + 6.00i) = (7.00 + 10.00i)
28          return 0;
(gdb) n
29      }
(gdb) n
0x00401288 in __register_frame_info ()
(gdb) finsih
Undefined command: "finsih".  Try "help".
(gdb) finish
Run till exit from #0  0x00401288 in __register_frame_info ()
[Inferior 1 (process 14716) exited normally]
(gdb) q