 gdb problem02.exe
GNU gdb (GDB) 7.6.1
Copyright (C) 2013 Free Software Foundation, Inc.
License GPLv3+: GNU GPL version 3 or later <http://gnu.org/licenses/gpl.html>
This is free software: you are free to change and redistribute it.
There is NO WARRANTY, to the extent permitted by law.  Type "show copying"
and "show warranty" for details.
This GDB was configured as "mingw32".
For bug reporting instructions, please see:
<http://www.gnu.org/software/gdb/bugs/>...
Reading symbols from C:\Users\aleyk\OneDrive\Desktop\PSC-DESTRINATION\activity-sets\set01\problem02.exe...done.
(gdb) b main
Breakpoint 1 at 0x40146e: file problem02.c, line 4.
(gdb) r
Starting program: C:\Users\aleyk\OneDrive\Desktop\PSC-DESTRINATION\activity-sets\set01/problem02.exe
[New Thread 18840.0x4618]
[New Thread 18840.0x324c]

Breakpoint 1, main () at problem02.c:4
4           int x = 4;
(gdb) n
5           int y = 6;
(gdb) n
6           int sum = 0;
(gdb) s
7           sum = x + y;
(gdb) n
8           printf("the sum of %d and %d is %d\n", x, y, sum);
(gdb) s
the sum of 4 and 6 is 10
9           return 0;
(gdb) q
A debugging session is active.

        Inferior 1 [process 18840] will be killed.

Quit anyway? (y or n) y
error return ../../gdb-7.6.1/gdb/windows-nat.c:1275 was 5