PS C:\Users\aleyk\OneDrive\Desktop\PSC-DESTRINATION\activity-sets\set01> gdb problem01.exe
GNU gdb (GDB) 7.6.1
Copyright (C) 2013 Free Software Foundation, Inc.
License GPLv3+: GNU GPL version 3 or later <http://gnu.org/licenses/gpl.html>
This is free software: you are free to change and redistribute it.
There is NO WARRANTY, to the extent permitted by law.  Type "show copying"
and "show warranty" for details.
This GDB was configured as "mingw32".
For bug reporting instructions, please see:
<http://www.gnu.org/software/gdb/bugs/>...
Reading symbols from C:\Users\aleyk\OneDrive\Desktop\PSC-DESTRINATION\activity-sets\set01\problem01.exe...done.
(gdb) b main
Breakpoint 1 at 0x40146e: file problem01.c, line 5.
(gdb) r
Starting program: C:\Users\aleyk\OneDrive\Desktop\PSC-DESTRINATION\activity-sets\set01/problem01.exe
[New Thread 14112.0x4f54]
[New Thread 14112.0x43f8]

Breakpoint 1, main () at problem01.c:5
5           printf("my name is kunal bro");
(gdb) r
The program being debugged has been started already.
Start it from the beginning? (y or n) y
error return ../../gdb-7.6.1/gdb/windows-nat.c:1275 was 5
Starting program: C:\Users\aleyk\OneDrive\Desktop\PSC-DESTRINATION\activity-sets\set01/problem01.exe 
[New Thread 13180.0x50c8]
[New Thread 13180.0x330c]

Breakpoint 1, main () at problem01.c:5
5           printf("my name is kunal bro");
(gdb) n
my name is kunal bro6       return 0;
(gdb) n
7       }(gdb) n
0x00401288 in __register_frame_info ()
(gdb) n
Single stepping until exit from function __register_frame_info,
which has no line number information.
0x0040128a in __register_frame_info ()
(gdb) n
Single stepping until exit from function __register_frame_info,
which has no line number information.
0x0040128f in __register_frame_info ()
(gdb) finish   
Run till exit from #0  0x0040128f in __register_frame_info ()
[Inferior 1 (process 13180) exited normally]
(gdb) q
PS C:\Users\aleyk\OneDrive\Desktop\PSC-DESTRINATION\activity-sets\set01>