PS C:\Users\aleyk\OneDrive\Desktop\PSC-DESTRINATION\activity-sets\set01> gdb problem03.exe
GNU gdb (GDB) 7.6.1
Copyright (C) 2013 Free Software Foundation, Inc.
License GPLv3+: GNU GPL version 3 or later <http://gnu.org/licenses/gpl.html>
This is free software: you are free to change and redistribute it.
There is NO WARRANTY, to the extent permitted by law.  Type "show copying"
and "show warranty" for details.
This GDB was configured as "mingw32".
For bug reporting instructions, please see:
<http://www.gnu.org/software/gdb/bugs/>...
Reading symbols from C:\Users\aleyk\OneDrive\Desktop\PSC-DESTRINATION\activity-sets\set01\problem03.exe...done.
(gdb) b main
Breakpoint 1 at 0x40146e: file problem03.c, line 7.
(gdb) r
Starting program: C:\Users\aleyk\OneDrive\Desktop\PSC-DESTRINATION\activity-sets\set01/problem03.exe
[New Thread 2800.0x181c]
[New Thread 2800.0x52fc]

Breakpoint 1, main () at problem03.c:7
7           x = input();
(gdb) n
enter the value : 4
8           y = input();
(gdb) n
enter the value : 6
9           total = add(x, y);
(gdb) s
add (a=4, b=6) at problem03.c:22
22          int sum = 0;
(gdb) n
23          sum = a + b;
(gdb) s
24          return sum;
(gdb) n
25      }
(gdb) n
main () at problem03.c:10
10          output(x, y, total);
(gdb) s
output (a=4, b=6, sum=10) at problem03.c:28
28          printf("the sum of %d and %d is %d\n", a ,b, sum);
(gdb) s
the sum of 4 and 6 is 10
29      }(gdb) q
A debugging session is active.

        Inferior 1 [process 2800] will be killed.

Quit anyway? (y or n) y
error return ../../gdb-7.6.1/gdb/windows-nat.c:1275 was 5